#-----------------------------------------------------------
# Vivado v2020.1 (64-bit)
# SW Build 2902540 on Wed May 27 19:54:49 MDT 2020
# IP Build 2902112 on Wed May 27 22:43:36 MDT 2020
# Start of session at: Tue Jul 18 16:30:46 2023
# Process ID: 7344
# Current directory: C:/Users/YiZhi_W/Desktop/tinyriscv-bram/project_1
# Command line: vivado.exe -gui_launcher_event rodinguilauncherevent19224 C:\Users\YiZhi_W\Desktop\tinyriscv-bram\project_1\project_1.xpr
# Log file: C:/Users/YiZhi_W/Desktop/tinyriscv-bram/project_1/vivado.log
# Journal file: C:/Users/YiZhi_W/Desktop/tinyriscv-bram/project_1\vivado.jou
#-----------------------------------------------------------
start_gui
open_project C:/Users/YiZhi_W/Desktop/tinyriscv-bram/project_1/project_1.xpr
update_compile_order -fileset sources_1
launch_simulation
open_wave_config C:/Users/YiZhi_W/Desktop/tinyriscv-bram/project_1/tinyriscv_soc_tb_behav.wcfg
source tinyriscv_soc_tb.tcl
run all
run all
current_wave_config {tinyriscv_soc_tb_behav.wcfg}
add_wave {{/tinyriscv_soc_tb/tinyriscv_soc_top_0/uart_0/uart_status}} 
current_wave_config {tinyriscv_soc_tb_behav.wcfg}
add_wave {{/tinyriscv_soc_tb/tinyriscv_soc_top_0/uart_0/data_i}} 
save_wave_config {C:/Users/YiZhi_W/Desktop/tinyriscv-bram/project_1/tinyriscv_soc_tb_behav.wcfg}
close_sim
launch_simulation
open_wave_config C:/Users/YiZhi_W/Desktop/tinyriscv-bram/project_1/tinyriscv_soc_tb_behav.wcfg
source tinyriscv_soc_tb.tcl
run all
add_wave {{/tinyriscv_soc_tb/tinyriscv_soc_top_0/uart_0/uart_tx}} 
close_sim
launch_simulation
open_wave_config C:/Users/YiZhi_W/Desktop/tinyriscv-bram/project_1/tinyriscv_soc_tb_behav.wcfg
source tinyriscv_soc_tb.tcl
run all
close_sim
launch_simulation
open_wave_config C:/Users/YiZhi_W/Desktop/tinyriscv-bram/project_1/tinyriscv_soc_tb_behav.wcfg
source tinyriscv_soc_tb.tcl
run all
close_sim
launch_simulation
open_wave_config C:/Users/YiZhi_W/Desktop/tinyriscv-bram/project_1/tinyriscv_soc_tb_behav.wcfg
source tinyriscv_soc_tb.tcl
run all
current_wave_config {tinyriscv_soc_tb_behav.wcfg}
add_wave {{/tinyriscv_soc_tb/tinyriscv_soc_top_0/u_tinyriscv_core/u_ifu_idu/inst_i}} 
current_wave_config {tinyriscv_soc_tb_behav.wcfg}
add_wave {{/tinyriscv_soc_tb/tinyriscv_soc_top_0/u_tinyriscv_core/u_ifu_idu/inst_addr_i}} 
run all
save_wave_config {C:/Users/YiZhi_W/Desktop/tinyriscv-bram/project_1/tinyriscv_soc_tb_behav.wcfg}
close_sim
launch_simulation
open_wave_config C:/Users/YiZhi_W/Desktop/tinyriscv-bram/project_1/tinyriscv_soc_tb_behav.wcfg
source tinyriscv_soc_tb.tcl
run all
run all
close_sim
